<html>
<body>
<pre>
<h1>µVision Build Log</h1>
<h2>Tool Versions:</h2>
IDE-Version: µVision V5.29.0.0
Copyright (C) 2019 ARM Ltd and ARM Germany GmbH. All rights reserved.
License Information: OMER BER, bgu, LIC=----
 
Tool Versions:
Toolchain:       MDK-Lite  Version: 5.29.0.0
Toolchain Path:  C:\Keil_v5\ARM\ARMCC\Bin
C Compiler:      Armcc.exe V5.06 update 6 (build 750)
Assembler:       Armasm.exe V5.06 update 6 (build 750)
Linker/Locator:  ArmLink.exe V5.06 update 6 (build 750)
Library Manager: ArmAr.exe V5.06 update 6 (build 750)
Hex Converter:   FromElf.exe V5.06 update 6 (build 750)
CPU DLL:         SARMCM3.DLL V5.29.0.0
Dialog DLL:      DCM.DLL V1.17.3.0
Target DLL:      STLink\ST-LINKIII-KEIL_SWO.dll V3.0.7.0
Dialog DLL:      TCM.DLL V1.36.5.0
 
<h2>Project:</h2>
C:\Users\yoavi\Desktop\lab2\lab2\lab2\MDK-ARM\lab2ro.uvprojx
Project File Date:  04/07/2020

<h2>Output:</h2>
*** Using Compiler 'V5.06 update 6 (build 750)', folder: 'C:\Keil_v5\ARM\ARMCC\Bin'
Build target 'lab2ro'
compiling main.c...
../Src/main.c(106): warning:  #177-D: variable "temp"  was declared but never referenced
  	static uint8_t temp=0;	// takes the data from the bus
../Src/main.c(69): warning:  #550-D: variable "Tx_value"  was set but never used
  static uint32_t Tx_value = 0;
../Src/main.c(72): warning:  #177-D: variable "t_data"  was declared but never referenced
  static uint16_t t_data =0;
../Src/main.c(82): warning:  #177-D: variable "odr_temp"  was declared but never referenced
  static uint16_t odr_temp=0;
../Src/main.c(83): warning:  #177-D: variable "tempi"  was declared but never referenced
  static uint32_t tempi = 0;
../Src/main.c(84): warning:  #177-D: variable "tempi2"  was declared but never referenced
  static uint32_t tempi2 = 0;
../Src/main.c: 6 warnings, 0 errors
linking...
Program Size: Code=4654 RO-data=286 RW-data=80 ZI-data=1152  
FromELF: creating hex file...
"lab2ro\lab2ro.axf" - 0 Error(s), 6 Warning(s).

<h2>Software Packages used:</h2>

Package Vendor: ARM
                http://www.keil.com/pack/ARM.CMSIS.5.6.0.pack
                ARM.CMSIS.5.6.0
                CMSIS (Cortex Microcontroller Software Interface Standard)
   * Component: CORE Version: 5.3.0

Package Vendor: Keil
                http://www.keil.com/pack/Keil.STM32F1xx_DFP.2.3.0.pack
                Keil.STM32F1xx_DFP.2.3.0
                STMicroelectronics STM32F1 Series Device Support, Drivers and Examples

<h2>Collection of Component include folders:</h2>
  .\RTE\_lab2ro
  C:\Users\yoavi\AppData\Local\Arm\Packs\ARM\CMSIS\5.6.0\CMSIS\Core\Include
  C:\Users\yoavi\AppData\Local\Arm\Packs\Keil\STM32F1xx_DFP\2.3.0\Device\Include

<h2>Collection of Component Files used:</h2>

   * Component: ARM::CMSIS:CORE:5.3.0
Build Time Elapsed:  00:00:01
</pre>
</body>
</html>
